<head><title>Hello World</title></head>
Post title One